================================================================================
LiftOS CAUSAL PIPELINE TEST REPORT
================================================================================
Generated: 2025-07-05 09:36:33

SUMMARY: 0/1 test suites passed

PIPELINE_VALIDATION: FAILED
